   Compiling unicode-ident v1.0.24
   Compiling proc-macro2 v1.0.107
   Compiling quote v1.0.47
   Compiling libc v0.2.189
   Compiling cfg-if v1.0.5
   Compiling serde_core v1.0.229
   Compiling serde v1.0.229
   Compiling typenum v1.20.1
   Compiling subtle v2.6.1
   Compiling version_check v0.9.5
   Compiling rand_core v0.10.1
   Compiling autocfg v1.5.1
   Compiling bytes v1.12.1
   Compiling getrandom v0.4.3
   Compiling memchr v2.8.3
   Compiling smallvec v1.15.2
   Compiling portable-atomic v1.13.1
   Compiling const-oid v0.9.6
   Compiling critical-section v1.2.0
   Compiling pin-project-lite v0.2.17
   Compiling thiserror v2.0.20
   Compiling semver v1.0.28
   Compiling cmov v0.5.4
   Compiling futures-core v0.3.34
   Compiling const-oid v0.10.2
   Compiling byteorder v1.5.0
   Compiling anyhow v1.0.104
   Compiling stable_deref_trait v1.2.1
   Compiling slab v0.4.12
   Compiling chacha20 v0.10.1
   Compiling find-msvc-tools v0.1.13
   Compiling shlex v2.0.1
   Compiling percent-encoding v2.3.2
   Compiling libm v0.2.16
   Compiling ctutils v0.4.2
   Compiling rustc_version v0.4.1
   Compiling generic-array v0.14.7
   Compiling futures-sink v0.3.34
   Compiling num-traits v0.2.19
   Compiling either v1.16.0
   Compiling parking_lot_core v0.9.12
   Compiling scopeguard v1.2.0
   Compiling litemap v0.8.2
   Compiling futures-task v0.3.34
   Compiling writeable v0.6.3
   Compiling futures-channel v0.3.34
   Compiling futures-io v0.3.34
   Compiling utf8_iter v1.0.4
   Compiling lock_api v0.4.14
   Compiling icu_properties_data v2.2.0
   Compiling icu_normalizer_data v2.2.0
   Compiling base16ct v1.0.0
   Compiling form_urlencoded v1.2.2
   Compiling zerocopy v0.8.54
   Compiling static_assertions v1.1.0
   Compiling curve25519-dalek v5.0.0
   Compiling itoa v1.0.18
   Compiling arrayref v0.3.9
   Compiling thiserror v1.0.69
   Compiling base64 v0.22.1
   Compiling num-conv v0.2.2
   Compiling time-core v0.1.9
   Compiling deranged v0.5.8
   Compiling base64ct v1.8.3
   Compiling powerfmt v0.2.0
   Compiling hybrid-array v0.4.15
   Compiling untrusted v0.9.0
   Compiling log v0.4.34
   Compiling data-encoding v2.11.0
   Compiling curve25519-dalek v4.1.3
   Compiling time-macros v0.2.32
   Compiling fnv v1.0.7
   Compiling foldhash v0.2.0
   Compiling itertools v0.14.0
   Compiling once_cell v1.21.4
   Compiling pem-rfc7468 v0.7.0
   Compiling strsim v0.11.1
   Compiling crossbeam-utils v0.8.22
   Compiling syn v2.0.118
   Compiling syn v3.0.3
   Compiling ident_case v1.0.1
   Compiling cfg_aliases v0.2.1
   Compiling jobserver v0.1.35
   Compiling hashbrown v0.17.1
   Compiling itertools v0.10.5
   Compiling base16ct v0.2.0
   Compiling tracing-core v0.1.36
   Compiling zmij v1.0.23
   Compiling opaque-debug v0.3.1
   Compiling getrandom v0.2.17
   Compiling cpufeatures v0.2.17
   Compiling cpufeatures v0.3.0
   Compiling cc v1.4.7
   Compiling socket2 v0.6.5
   Compiling rand v0.10.2
   Compiling rand_core v0.6.4
   Compiling errno v0.3.14
   Compiling mio v1.2.2
   Compiling keccak v0.1.6
   Compiling base64 v0.23.1
   Compiling hex_fmt v0.3.0
   Compiling memoffset v0.9.1
   Compiling parking_lot v0.12.5
   Compiling signal-hook-registry v1.4.8
   Compiling ff v0.13.1
   Compiling serde_json v1.0.151
   Compiling block-buffer v0.12.1
   Compiling crypto-common v0.2.2
   Compiling group v0.13.0
   Compiling nix v0.31.3
   Compiling spin v0.9.9
   Compiling unsigned-varint v0.8.0
   Compiling arrayvec v0.7.8
   Compiling tinyvec_macros v0.1.1
   Compiling tinyvec v1.12.0
   Compiling lazy_static v1.5.0
   Compiling bth-util-from-random v7.1.0 (/Users/rwalters/GitHub/botho/.loom/worktrees/issue-1306/util/from-random)
   Compiling substring v1.4.5
   Compiling rand_hc v0.5.1
   Compiling pem v4.0.0
   Compiling const-str v0.4.3
   Compiling heck v0.5.0
   Compiling multihash v0.19.5
   Compiling http v1.4.2
   Compiling bs58 v0.5.1
   Compiling base45 v3.2.0
   Compiling base-x v0.2.11
   Compiling keccak v0.2.0
   Compiling web-time v1.1.0
   Compiling digest v0.11.3
   Compiling sponge-cursor v0.1.0
   Compiling futures-timer v3.0.3
   Compiling core-foundation-sys v0.8.7
   Compiling equivalent v1.0.2
   Compiling module-lattice v0.2.3
   Compiling hybrid-array v0.2.3
   Compiling aho-corasick v1.1.4
   Compiling rustversion v1.0.23
   Compiling regex-syntax v0.8.11
   Compiling minimal-lexical v0.2.1
   Compiling bitflags v2.13.2
   Compiling signature v3.0.0
   Compiling sha2 v0.11.0
   Compiling time v0.3.55
   Compiling hmac v0.13.0
   Compiling shake v0.1.0
   Compiling unicode-normalization v0.1.25
   Compiling httparse v1.10.1
   Compiling hmac-sha512 v0.1.9
   Compiling hkdf v0.13.0
   Compiling nom v7.1.3
   Compiling rustc-hash v1.1.0
   Compiling tower-service v0.3.3
   Compiling num-integer v0.1.46
   Compiling ring v0.17.14
   Compiling slip10_ed25519 v0.1.3
   Compiling anstyle v1.0.14
   Compiling crc-catalog v2.5.0
   Compiling crossbeam-epoch v0.9.20
   Compiling bs58 v0.4.0
   Compiling utf8parse v0.2.2
   Compiling http-body v1.1.0
   Compiling crc v3.4.0
   Compiling anstyle-parse v1.0.0
   Compiling indexmap v2.14.0
   Compiling hashlink v0.12.2
   Compiling tower-layer v0.3.3
   Compiling siphasher v1.0.3
   Compiling anstyle-query v1.1.5
   Compiling atomic-waker v1.1.2
   Compiling try-lock v0.2.5
   Compiling colorchoice v1.0.5
   Compiling is_terminal_polyfill v1.70.2
   Compiling system-configuration-sys v0.6.0
   Compiling want v0.3.1
   Compiling phf_shared v0.11.3
   Compiling concurrent-queue v2.5.0
   Compiling anstream v1.0.0
   Compiling uuid v1.26.1
   Compiling rand v0.8.7
   Compiling sync_wrapper v1.0.2
   Compiling sansio v1.0.1
   Compiling object v0.37.3
   Compiling darling_core v0.24.1
   Compiling clap_lex v1.1.0
   Compiling rustls v0.23.45
   Compiling parking v2.2.1
   Compiling crunchy v0.2.4
   Compiling httpdate v1.0.3
   Compiling num-bigint v0.4.8
   Compiling core-foundation v0.9.4
   Compiling sharded-slab v0.1.7
   Compiling tracing-log v0.2.0
   Compiling clap_builder v4.6.7
   Compiling phf_generator v0.11.3
   Compiling event-listener v5.4.1
   Compiling thread_local v1.1.10
   Compiling nu-ansi-term v0.50.3
   Compiling adler2 v2.0.1
   Compiling gimli v0.32.3
   Compiling miniz_oxide v0.8.9
   Compiling system-configuration v0.7.0
   Compiling http-body-util v0.1.5
   Compiling iana-time-zone v0.1.65
   Compiling event-listener-strategy v0.5.4
   Compiling crc32c v0.6.8
   Compiling synstructure v0.13.2
   Compiling indexmap v1.9.3
   Compiling simdutf8 v0.1.5
   Compiling rustc-demangle v0.1.28
   Compiling getrandom v0.3.4
   Compiling pkg-config v0.3.33
   Compiling wasm-bindgen-shared v0.2.108
   Compiling oid-registry v0.7.1
   Compiling chrono v0.4.45
   Compiling regex-automata v0.4.18
   Compiling crossbeam-channel v0.5.17
   Compiling snow v0.10.0
   Compiling rusticata-macros v4.1.0
   Compiling mime v0.3.17
   Compiling objc2 v0.6.4
   Compiling hashbrown v0.12.3
   Compiling tagptr v0.2.0
   Compiling zstd-sys v2.0.16+zstd.1.5.7
   Compiling moka v0.12.15
   Compiling async-channel v2.5.0
   Compiling if-addrs v0.15.0
   Compiling predicates-core v1.0.10
   Compiling rustc-hash v2.1.3
   Compiling nohash-hasher v0.2.0
   Compiling objc2-encode v4.1.0
   Compiling yasna v0.6.0
   Compiling resolv-conf v0.7.6
   Compiling matchit v0.7.3
   Compiling glob v0.3.3
   Compiling cmake v0.1.58
   Compiling socket2 v0.5.10
   Compiling quinn-udp v0.6.2
   Compiling rustc-hex v2.1.0
   Compiling serde_derive v1.0.229
   Compiling displaydoc v0.2.7
   Compiling thiserror-impl v2.0.20
   Compiling futures-macro v0.3.34
   Compiling async-trait v0.1.92
   Compiling libp2p-swarm-derive v0.36.0
   Compiling ptr_meta_derive v0.3.2
   Compiling clap_derive v4.6.7
   Compiling bytecheck_derive v0.8.3
   Compiling zeroize_derive v1.5.0
   Compiling zerofrom-derive v0.1.7
   Compiling yoke-derive v0.8.2
   Compiling zerovec-derive v0.11.3
   Compiling zerocopy-derive v0.8.54
   Compiling tracing-attributes v0.1.31
   Compiling tokio-macros v2.7.0
   Compiling thiserror-impl v1.0.69
   Compiling pin-project-internal v1.1.13
   Compiling futures-util v0.3.34
   Compiling darling_macro v0.24.1
   Compiling bth-crypto-digestible-derive v7.1.0 (/Users/rwalters/GitHub/botho/.loom/worktrees/issue-1306/crypto/digestible/derive)
   Compiling prost-derive v0.12.6
   Compiling zeroize v1.9.0
   Compiling prost-derive v0.14.4
   Compiling match-lookup v0.1.2
   Compiling rustls-pki-types v1.15.0
   Compiling der v0.7.10
   Compiling merlin v3.0.0
   Compiling darling v0.24.1
   Compiling tokio v1.53.1
   Compiling serde_with_macros v3.23.0
   Compiling cobs v0.3.0
   Compiling data-encoding-macro-internal v0.1.18
   Compiling base256emoji v1.0.2
   Compiling der v0.8.1
   Compiling kem v0.3.0-pre.0
   Compiling zerofrom v0.1.8
   Compiling asn1-rs-impl v0.2.0
   Compiling yoke v0.8.3
   Compiling matchers v0.2.0
   Compiling ptr_meta v0.3.2
   Compiling asn1-rs-derive v0.5.1
   Compiling tracing v0.1.44
   Compiling zerovec v0.11.6
   Compiling zerotrie v0.2.4
   Compiling spki v0.7.3
   Compiling pin-project v1.1.13
   Compiling rancor v0.1.3
   Compiling clap v4.6.7
   Compiling addr2line v0.25.1
   Compiling phf_macros v0.11.3
   Compiling munge_macro v0.4.7
   Compiling bth-util-logger-macros v7.1.0 (/Users/rwalters/GitHub/botho/.loom/worktrees/issue-1306/util/logger-macros)
   Compiling pkcs8 v0.10.2
   Compiling data-encoding-macro v0.1.20
   Compiling bytecheck v0.8.3
   Compiling opentelemetry v0.24.0
   Compiling multibase v0.9.3
   Compiling regex v1.13.1
   Compiling async-stream-impl v0.3.6
   Compiling tinystr v0.8.3
   Compiling potential_utf v0.1.5
   Compiling prost v0.12.6
   Compiling backtrace v0.3.76
   Compiling rend v0.5.4
   Compiling asn1-rs v0.6.2
   Compiling serde_with v3.23.0
   Compiling icu_collections v2.2.0
   Compiling prost v0.14.4
   Compiling spki v0.8.0
   Compiling icu_locale_core v2.2.0
   Compiling munge v0.4.7
   Compiling prost-derive v0.13.5
   Compiling asn1-rs-derive v0.6.0
   Compiling pkcs8 v0.11.0
   Compiling futures-executor v0.3.34
   Compiling asynchronous-codec v0.7.0
   Compiling phf v0.11.3
   Compiling ml-dsa v0.1.1
   Compiling serdect v0.4.3
   Compiling hex v0.4.3
   Compiling ed25519 v3.0.0
   Compiling futures v0.3.34
   Compiling postcard v1.1.3
   Compiling ipnet v2.12.0
   Compiling multistream-select v0.14.0
   Compiling rw-stream-sink v0.5.0
   Compiling tracing-serde v0.2.0
   Compiling crypto-common v0.1.7
   Compiling block-buffer v0.10.4
   Compiling icu_provider v2.2.0
   Compiling block-padding v0.3.3
   Compiling crypto-bigint v0.5.5
   Compiling universal-hash v0.5.1
   Compiling sec1 v0.7.3
   Compiling digest v0.10.7
   Compiling inout v0.1.4
   Compiling ed25519-dalek v3.0.0
   Compiling x25519-dalek v3.0.0
   Compiling icu_properties v2.2.0
   Compiling icu_normalizer v2.2.0
   Compiling cipher v0.4.4
   Compiling sha2 v0.10.9
   Compiling hmac v0.12.1
   Compiling hkdf v0.12.4
   Compiling ctr v0.9.2
   Compiling aes v0.8.4
   Compiling bth-crypto-digestible v7.1.0 (/Users/rwalters/GitHub/botho/.loom/worktrees/issue-1306/crypto/digestible)
   Compiling rfc6979 v0.4.0
   Compiling signature v2.2.0
   Compiling aead v0.5.2
   Compiling bth-crypto-digestible-signature v7.1.0 (/Users/rwalters/GitHub/botho/.loom/worktrees/issue-1306/crypto/digestible/signature)
   Compiling polyval v0.6.2
   Compiling bth-util-serial v7.1.0 (/Users/rwalters/GitHub/botho/.loom/worktrees/issue-1306/util/serial)
   Compiling bth-util-repr-bytes v7.1.0 (/Users/rwalters/GitHub/botho/.loom/worktrees/issue-1306/util/repr-bytes)
   Compiling blake2 v0.10.6
   Compiling sha3 v0.10.9
   Compiling ghash v0.5.1
   Compiling idna_adapter v1.2.2
   Compiling elliptic-curve v0.13.8
   Compiling libp2p-identity v0.3.0
   Compiling pbkdf2 v0.11.0
   Compiling idna v1.1.0
   Compiling ppv-lite86 v0.2.21
   Compiling schnorrkel-og v0.11.0-pre.0 (https://github.com/mobilecoinfoundation/schnorrkel.git?rev=049bf9d30f3bbe072e2ad1b5eefdf0f3c851215e#049bf9d3)
   Compiling aes-gcm v0.10.3
   Compiling bth-crypto-hashes v7.1.0 (/Users/rwalters/GitHub/botho/.loom/worktrees/issue-1306/crypto/hashes)
   Compiling ml-kem v0.2.3
   Compiling sha1 v0.10.7
   Compiling ecdsa v0.16.9
   Compiling primeorder v0.13.6
   Compiling prefix-trie v0.8.4
   Compiling rand_chacha v0.3.1
   Compiling tracing-subscriber v0.3.23
   Compiling hashbrown v0.14.5
   Compiling url v2.5.8
   Compiling bth-crypto-keys v7.1.0 (/Users/rwalters/GitHub/botho/.loom/worktrees/issue-1306/crypto/keys)
   Compiling p256 v0.13.2
   Compiling tokio-util v0.7.19
   Compiling tower v0.5.3
   Compiling tokio-stream v0.1.19
   Compiling md-5 v0.10.6
   Compiling uint v0.10.0
   Compiling prost-codec v0.4.0
   Compiling futures-bounded v0.3.0
   Compiling chacha20 v0.9.1
   Compiling der-parser v9.0.0
   Compiling poly1305 v0.8.0
   Compiling multiaddr v0.19.0
   Compiling bth-core-types v7.1.0 (/Users/rwalters/GitHub/botho/.loom/worktrees/issue-1306/core/types)
   Compiling bth-crypto-pq v0.6.0 (/Users/rwalters/GitHub/botho/.loom/worktrees/issue-1306/crypto/pq)
   Compiling tiny-bip39 v1.0.0
   Compiling bth-account-keys-types v7.1.0 (/Users/rwalters/GitHub/botho/.loom/worktrees/issue-1306/account-keys/types)
   Compiling h2 v0.4.16
   Compiling mc-rand v1.1.0
   Compiling hickory-proto v0.26.3
   Compiling bth-core v7.1.0 (/Users/rwalters/GitHub/botho/.loom/worktrees/issue-1306/core)
   Compiling doxygen-rs v0.4.2
   Compiling axum-core v0.4.5
   Compiling rkyv_derive v0.8.18
   Compiling libp2p-core v0.44.0
   Compiling bth-common v7.1.0 (/Users/rwalters/GitHub/botho/.loom/worktrees/issue-1306/common)
   Compiling lmdb-master-sys v0.2.6
   Compiling x509-parser v0.16.0
   Compiling opentelemetry_sdk v0.24.1
   Compiling chacha20poly1305 v0.10.1
   Compiling p384 v0.13.1
   Compiling x25519-dalek v2.0.1
   Compiling tower v0.4.13
   Compiling ccm v0.5.0
   Compiling prost v0.13.5
   Compiling cbc v0.1.2
   Compiling rcgen v0.14.10
   Compiling libp2p-swarm v0.48.0
   Compiling rustls-webpki v0.103.15
   Compiling asn1-rs v0.7.2
   Compiling yamux v0.14.0
   Compiling bth-account-keys v7.1.0 (/Users/rwalters/GitHub/botho/.loom/worktrees/issue-1306/account-keys)
   Compiling rtc-shared v0.20.5
   Compiling bth-crypto-ring-signature v7.1.0 (/Users/rwalters/GitHub/botho/.loom/worktrees/issue-1306/crypto/ring-signature)
   Compiling hickory-net v0.26.3
   Compiling rkyv v0.8.18
   Compiling axum v0.7.9
   Compiling hyper v1.11.1
   Compiling rtc-rtp v0.20.5
   Compiling rtc-rtcp v0.20.5
   Compiling bth-transaction-types v7.1.0 (/Users/rwalters/GitHub/botho/.loom/worktrees/issue-1306/transaction/types)
   Compiling rtc-stun v0.20.5
   Compiling rtc-sctp v0.20.5
   Compiling hickory-resolver v0.26.3
   Compiling rtc-mdns v0.20.5
   Compiling bth-util-test-helper v7.1.0 (/Users/rwalters/GitHub/botho/.loom/worktrees/issue-1306/util/test-helper)
   Compiling async-stream v0.3.6
   Compiling bincode v1.3.3
   Compiling cbor4ii v1.2.3
   Compiling hyper-util v0.1.20
   Compiling webpki-roots v1.0.8
   Compiling rtc-interceptor-derive v0.20.5
   Compiling termtree v0.5.1
   Compiling zstd-safe v7.2.4
   Compiling protobuf v3.7.2
   Compiling oid-registry v0.8.1
   Compiling predicates-tree v1.0.13
   Compiling rtc-interceptor v0.20.5
   Compiling mockall_derive v0.12.1
   Compiling libp2p-request-response v0.30.0
   Compiling libp2p-dns v0.45.0
   Compiling bth-consensus-scp-types v7.1.0 (/Users/rwalters/GitHub/botho/.loom/worktrees/issue-1306/consensus/scp/types)
   Compiling rtc-datachannel v0.20.5
   Compiling rtc-ice v0.20.5
   Compiling rtc-srtp v0.20.5
   Compiling rtc-media v0.20.5
   Compiling rtc-turn v0.20.5
   Compiling rtc-sdp v0.20.5
   Compiling libp2p-kad v0.49.0
   Compiling libp2p-identify v0.48.0
   Compiling hyper-timeout v0.5.2
   Compiling tokio-rustls v0.26.5
   Compiling tonic v0.12.3
   Compiling block2 v0.6.2
   Compiling rtc-dtls v0.20.5
   Compiling libp2p-connection-limits v0.7.0
   Compiling libp2p-allow-block-list v0.7.0
   Compiling libp2p-gossipsub v0.50.0
   Compiling libp2p-yamux v0.48.0
   Compiling libp2p-noise v0.47.0
   Compiling fixed-hash v0.8.0
   Compiling protobuf-support v3.7.2
   Compiling randomx-rs v1.4.1 (/Users/rwalters/GitHub/botho/.loom/worktrees/issue-1306/vendor/randomx-rs)
   Compiling predicates v3.1.4
   Compiling crossbeam-queue v0.3.13
   Compiling phc v0.6.1
   Compiling fragile v2.1.0
   Compiling downcast v0.11.0
   Compiling heed v0.22.1
   Compiling ryu v1.0.23
   Compiling winnow v1.0.4
   Compiling unicase v2.9.0
   Compiling prometheus v0.14.0
   Compiling utf-8 v0.7.6
   Compiling option-ext v0.2.0
   Compiling heed-traits v0.20.0
   Compiling tungstenite v0.24.0
   Compiling heed-types v0.21.0
   Compiling rtc v0.20.5
   Compiling dirs-sys v0.4.1
   Compiling toml_parser v1.1.2+spec-1.1.0
   Compiling mockall v0.12.1
   Compiling opentelemetry-proto v0.7.0
   Compiling serde_urlencoded v0.7.1
   Compiling password-hash v0.6.1
   Compiling synchronoise v1.0.1
   Compiling if-watch v3.2.2
   Compiling primitive-types v0.14.0
   Compiling botho v0.6.0 (/Users/rwalters/GitHub/botho/.loom/worktrees/issue-1306/botho)
   Compiling dispatch2 v0.3.1
   Compiling hyper-rustls v0.27.9
   Compiling bth-transaction-clsag v0.3.0 (/Users/rwalters/GitHub/botho/.loom/worktrees/issue-1306/transaction/clsag)
   Compiling der-parser v10.0.0
   Compiling bth-address-codec v0.1.0 (/Users/rwalters/GitHub/botho/.loom/worktrees/issue-1306/address-codec)
   Compiling tower-http v0.6.11
   Compiling rand_chacha v0.10.0
   Compiling yasna v0.5.2
   Compiling async-broadcast v0.7.2
   Compiling blake2 v0.11.0
   Compiling serde_spanned v1.1.1
   Compiling toml_datetime v0.7.5+spec-1.1.0
   Compiling page_size v0.6.0
   Compiling rtoolbox v0.0.5
   Compiling toml_writer v1.1.1+spec-1.1.0
   Compiling bitflags v1.3.2
   Compiling libp2p-tcp v0.45.0
   Compiling winnow v0.7.15
   Compiling bumpalo v3.20.3
   Compiling rpassword v7.5.4
   Compiling rcgen v0.13.2
   Compiling wasm-bindgen-macro-support v0.2.108
   Compiling argon2 v0.6.0
   Compiling libp2p v0.57.0
   Compiling x509-parser v0.17.0
   Compiling bth-consensus-scp v7.1.0 (/Users/rwalters/GitHub/botho/.loom/worktrees/issue-1306/consensus/scp)
   Compiling bth-gossip v0.6.0 (/Users/rwalters/GitHub/botho/.loom/worktrees/issue-1306/gossip)
   Compiling bth-quorum-sim v0.1.0 (/Users/rwalters/GitHub/botho/.loom/worktrees/issue-1306/consensus/quorum-sim)
   Compiling reqwest v0.12.28
   Compiling opentelemetry-otlp v0.17.0
   Compiling toml v0.9.12+spec-1.1.0
   Compiling ctrlc v3.5.2
   Compiling tokio-tungstenite v0.24.0
   Compiling dirs v5.0.1
   Compiling webpki-roots v0.26.11
   Compiling tracing-opentelemetry v0.25.0
   Compiling dashmap v6.2.1
   Compiling bth-cluster-tax v0.6.0 (/Users/rwalters/GitHub/botho/.loom/worktrees/issue-1306/cluster-tax)
   Compiling rustls-pemfile v2.2.0
   Compiling wasm-bindgen v0.2.108
   Compiling rand_distr v0.6.0
   Compiling num_cpus v1.17.0
   Compiling which v8.0.6
   Compiling crossbeam-deque v0.8.7
   Compiling webrtc v0.20.2
   Compiling wasm-bindgen-macro v0.2.108
   Compiling matrixmultiply v0.3.10
   Compiling rayon-core v1.13.0
   Compiling bytemuck v1.25.1
   Compiling wide v1.6.1
   Compiling half v2.7.1
   Compiling approx v0.5.1
   Compiling num-complex v0.4.6
   Compiling rawpointer v0.2.1
   Compiling plotters-backend v0.3.7
   Compiling ciborium-io v0.2.2
   Compiling rustix v1.1.4
   Compiling plotters-svg v0.3.7
   Compiling ciborium-ll v0.2.2
   Compiling num-rational v0.4.2
   Compiling cast v0.3.0
   Compiling same-file v1.0.6
   Compiling js-sys v0.3.85
   Compiling walkdir v2.5.0
   Compiling rayon v1.12.0
   Compiling ciborium v0.2.2
   Compiling plotters v0.3.7
   Compiling bth-crypto-ring-signature-signer v7.1.0 (/Users/rwalters/GitHub/botho/.loom/worktrees/issue-1306/crypto/ring-signature/signer)
   Compiling criterion-plot v0.5.0
   Compiling bth-crypto-multisig v7.1.0 (/Users/rwalters/GitHub/botho/.loom/worktrees/issue-1306/crypto/multisig)
   Compiling bulletproofs-og v3.0.0-pre.1 (/Users/rwalters/GitHub/botho/.loom/worktrees/issue-1306/vendor/bulletproofs-og)
   Compiling tinytemplate v1.2.1
   Compiling bth-util-zip-exact v7.1.0 (/Users/rwalters/GitHub/botho/.loom/worktrees/issue-1306/util/zip-exact)
   Compiling serial_test_derive v3.5.0
   Compiling is-terminal v0.4.17
   Compiling fastrand v2.4.1
   Compiling bth-util-u64-ratio v7.1.0 (/Users/rwalters/GitHub/botho/.loom/worktrees/issue-1306/util/u64-ratio)
   Compiling anes v0.1.6
   Compiling oorandom v11.1.5
   Compiling tempfile v3.27.0
   Compiling serial_test v3.5.0
   Compiling bth-transaction-core v7.1.0 (/Users/rwalters/GitHub/botho/.loom/worktrees/issue-1306/transaction/core)
   Compiling criterion v0.5.1
   Compiling serde-wasm-bindgen v0.6.5
   Compiling bth-wasm-signer v0.1.0 (/Users/rwalters/GitHub/botho/.loom/worktrees/issue-1306/web/packages/wasm-signer)
   Compiling simba v0.10.2
   Compiling zstd v0.13.3
   Compiling nalgebra v0.35.0
   Compiling statrs v0.19.1
   Compiling botho-wallet v0.6.0 (/Users/rwalters/GitHub/botho/.loom/worktrees/issue-1306/botho-wallet)
    Finished `release` profile [optimized] target(s) in 39.12s
